
> waeli_web@0.1.0 build
> next build

   Γû▓ Next.js 15.3.2
   - Environments: .env.local, .env

   Creating an optimized production build ...
node.exe : 
At C:\Program Files\nodejs\npm.ps1:29 char:3
+   & $NODE_EXE $NPM_CLI_JS $args
+   ~~~~~~~~~~~~~~~~~~~~~~~~~~~~~
    + CategoryInfo          : NotSpecified: (:String) [], RemoteException
    + FullyQualifiedErrorId : NativeCommandError
 
> Build error occurred
[Error: spawn EPERM] { errno: -4048, code: 'EPERM', syscall: 'spawn' }
